// Jest Snapshot v1, https://goo.gl/fbAQLP

exports[`message chunking chunk around space 1`] = `
"<mos>
  <ncsID>their.mos.id</ncsID>
  <mosID>our.mos.id</mosID>
  <messageID>xx</messageID>
  <roReq>
    <roID>M000123</roID>
  </roReq>
</mos>"
`;

exports[`message chunking chunk around space 2`] = `
{
  "ID": MosString128 {
    "_str": "96857485",
    "strict": true,
  },
  "Slug": MosString128 {
    "_str": "5PM RUNDOWN",
    "strict": true,
  },
  "Stories": [
    {
      "ID": MosString128 {
        "_str": "5983A501:0049B924:8390EF2B",
        "strict": true,
      },
      "Items": [
        {
          "EditorialDuration": 645,
          "ID": MosString128 {
            "_str": "0",
            "strict": true,
          },
          "MOSID": "testmos.enps.com",
          "MosExternalMetaData": [
            {
              "MosPayload": {
                "Owner": "SHOLMES",
                "destination": "b",
                "source": "a",
                "transitionMode": 2,
                "transitionPoint": 463,
              },
              "MosSchema": "http://MOSA4.com/mos/supported_schemas/MOSAXML2.08",
              "MosScope": "PLAYLIST",
            },
          ],
          "ObjectID": MosString128 {
            "_str": "M000224",
            "strict": true,
          },
          "Paths": [
            {
              "Description": "MPEG2 Video",
              "Target": "\\server\\media\\clip392028cd2320s0d.mxf",
              "Type": "PATH",
            },
            {
              "Description": "WM9 750Kbps",
              "Target": "http://server/proxy/clipe.wmv",
              "Type": "PROXY PATH",
            },
            {
              "Description": "MOS Object",
              "Target": "http://server/proxy/clipe.xml",
              "Type": "METADATA PATH",
            },
          ],
          "Slug": MosString128 {
            "_str": "COLSTAT MURDER:VO",
            "strict": true,
          },
          "Trigger": "CHAINED",
          "UserTimingDuration": 310,
        },
      ],
      "Number": MosString128 {
        "_str": "B10",
        "strict": true,
      },
      "Slug": MosString128 {
        "_str": "Colstat Murder",
        "strict": true,
      },
    },
    {
      "ID": MosString128 {
        "_str": "3854737F:0003A34D:983A0B28",
        "strict": true,
      },
      "Items": [
        {
          "EditorialDuration": 310,
          "EditorialStart": 55,
          "ID": MosString128 {
            "_str": "0",
            "strict": true,
          },
          "MOSID": "testmos.enps.com",
          "MosExternalMetaData": [
            {
              "MosPayload": {
                "Owner": "SHOLMES",
                "destination": "b",
                "source": "a",
                "transitionMode": 2,
                "transitionPoint": 463,
              },
              "MosSchema": "http://MOSA4.com/mos/supported_schemas/MOSAXML2.08",
              "MosScope": "PLAYLIST",
            },
          ],
          "ObjectID": MosString128 {
            "_str": "M000133",
            "strict": true,
          },
          "UserTimingDuration": 310,
        },
      ],
      "Number": MosString128 {
        "_str": "B11",
        "strict": true,
      },
      "Slug": MosString128 {
        "_str": "Test MOS",
        "strict": true,
      },
    },
  ],
}
`;

exports[`message chunking chunks 1`] = `
"<mos>
  <ncsID>their.mos.id</ncsID>
  <mosID>our.mos.id</mosID>
  <messageID>xx</messageID>
  <roReq>
    <roID>M000123</roID>
  </roReq>
</mos>"
`;

exports[`message chunking chunks 2`] = `
{
  "ID": MosString128 {
    "_str": "96857485",
    "strict": true,
  },
  "Slug": MosString128 {
    "_str": "5PM RUNDOWN",
    "strict": true,
  },
  "Stories": [
    {
      "ID": MosString128 {
        "_str": "5983A501:0049B924:8390EF2B",
        "strict": true,
      },
      "Items": [
        {
          "EditorialDuration": 645,
          "ID": MosString128 {
            "_str": "0",
            "strict": true,
          },
          "MOSID": "testmos.enps.com",
          "MosExternalMetaData": [
            {
              "MosPayload": {
                "Owner": "SHOLMES",
                "destination": "b",
                "source": "a",
                "transitionMode": 2,
                "transitionPoint": 463,
              },
              "MosSchema": "http://MOSA4.com/mos/supported_schemas/MOSAXML2.08",
              "MosScope": "PLAYLIST",
            },
          ],
          "ObjectID": MosString128 {
            "_str": "M000224",
            "strict": true,
          },
          "Paths": [
            {
              "Description": "MPEG2 Video",
              "Target": "\\server\\media\\clip392028cd2320s0d.mxf",
              "Type": "PATH",
            },
            {
              "Description": "WM9 750Kbps",
              "Target": "http://server/proxy/clipe.wmv",
              "Type": "PROXY PATH",
            },
            {
              "Description": "MOS Object",
              "Target": "http://server/proxy/clipe.xml",
              "Type": "METADATA PATH",
            },
          ],
          "Slug": MosString128 {
            "_str": "COLSTAT MURDER:VO",
            "strict": true,
          },
          "Trigger": "CHAINED",
          "UserTimingDuration": 310,
        },
      ],
      "Number": MosString128 {
        "_str": "B10",
        "strict": true,
      },
      "Slug": MosString128 {
        "_str": "Colstat Murder",
        "strict": true,
      },
    },
    {
      "ID": MosString128 {
        "_str": "3854737F:0003A34D:983A0B28",
        "strict": true,
      },
      "Items": [
        {
          "EditorialDuration": 310,
          "EditorialStart": 55,
          "ID": MosString128 {
            "_str": "0",
            "strict": true,
          },
          "MOSID": "testmos.enps.com",
          "MosExternalMetaData": [
            {
              "MosPayload": {
                "Owner": "SHOLMES",
                "destination": "b",
                "source": "a",
                "transitionMode": 2,
                "transitionPoint": 463,
              },
              "MosSchema": "http://MOSA4.com/mos/supported_schemas/MOSAXML2.08",
              "MosScope": "PLAYLIST",
            },
          ],
          "ObjectID": MosString128 {
            "_str": "M000133",
            "strict": true,
          },
          "UserTimingDuration": 310,
        },
      ],
      "Number": MosString128 {
        "_str": "B11",
        "strict": true,
      },
      "Slug": MosString128 {
        "_str": "Test MOS",
        "strict": true,
      },
    },
  ],
}
`;

exports[`message chunking junk data before 1`] = `
"<mos>
  <ncsID>their.mos.id</ncsID>
  <mosID>our.mos.id</mosID>
  <messageID>xx</messageID>
  <roReq>
    <roID>M000123</roID>
  </roReq>
</mos>"
`;

exports[`message chunking junk data before 2`] = `
{
  "ID": MosString128 {
    "_str": "96857485",
    "strict": true,
  },
  "Slug": MosString128 {
    "_str": "5PM RUNDOWN",
    "strict": true,
  },
  "Stories": [
    {
      "ID": MosString128 {
        "_str": "5983A501:0049B924:8390EF2B",
        "strict": true,
      },
      "Items": [
        {
          "EditorialDuration": 645,
          "ID": MosString128 {
            "_str": "0",
            "strict": true,
          },
          "MOSID": "testmos.enps.com",
          "MosExternalMetaData": [
            {
              "MosPayload": {
                "Owner": "SHOLMES",
                "destination": "b",
                "source": "a",
                "transitionMode": 2,
                "transitionPoint": 463,
              },
              "MosSchema": "http://MOSA4.com/mos/supported_schemas/MOSAXML2.08",
              "MosScope": "PLAYLIST",
            },
          ],
          "ObjectID": MosString128 {
            "_str": "M000224",
            "strict": true,
          },
          "Paths": [
            {
              "Description": "MPEG2 Video",
              "Target": "\\server\\media\\clip392028cd2320s0d.mxf",
              "Type": "PATH",
            },
            {
              "Description": "WM9 750Kbps",
              "Target": "http://server/proxy/clipe.wmv",
              "Type": "PROXY PATH",
            },
            {
              "Description": "MOS Object",
              "Target": "http://server/proxy/clipe.xml",
              "Type": "METADATA PATH",
            },
          ],
          "Slug": MosString128 {
            "_str": "COLSTAT MURDER:VO",
            "strict": true,
          },
          "Trigger": "CHAINED",
          "UserTimingDuration": 310,
        },
      ],
      "Number": MosString128 {
        "_str": "B10",
        "strict": true,
      },
      "Slug": MosString128 {
        "_str": "Colstat Murder",
        "strict": true,
      },
    },
    {
      "ID": MosString128 {
        "_str": "3854737F:0003A34D:983A0B28",
        "strict": true,
      },
      "Items": [
        {
          "EditorialDuration": 310,
          "EditorialStart": 55,
          "ID": MosString128 {
            "_str": "0",
            "strict": true,
          },
          "MOSID": "testmos.enps.com",
          "MosExternalMetaData": [
            {
              "MosPayload": {
                "Owner": "SHOLMES",
                "destination": "b",
                "source": "a",
                "transitionMode": 2,
                "transitionPoint": 463,
              },
              "MosSchema": "http://MOSA4.com/mos/supported_schemas/MOSAXML2.08",
              "MosScope": "PLAYLIST",
            },
          ],
          "ObjectID": MosString128 {
            "_str": "M000133",
            "strict": true,
          },
          "UserTimingDuration": 310,
        },
      ],
      "Number": MosString128 {
        "_str": "B11",
        "strict": true,
      },
      "Slug": MosString128 {
        "_str": "Test MOS",
        "strict": true,
      },
    },
  ],
}
`;

exports[`message chunking junk data packet before 1`] = `
"<mos>
  <ncsID>their.mos.id</ncsID>
  <mosID>our.mos.id</mosID>
  <messageID>xx</messageID>
  <roReq>
    <roID>M000123</roID>
  </roReq>
</mos>"
`;

exports[`message chunking junk data packet before 2`] = `
{
  "ID": MosString128 {
    "_str": "96857485",
    "strict": true,
  },
  "Slug": MosString128 {
    "_str": "5PM RUNDOWN",
    "strict": true,
  },
  "Stories": [
    {
      "ID": MosString128 {
        "_str": "5983A501:0049B924:8390EF2B",
        "strict": true,
      },
      "Items": [
        {
          "EditorialDuration": 645,
          "ID": MosString128 {
            "_str": "0",
            "strict": true,
          },
          "MOSID": "testmos.enps.com",
          "MosExternalMetaData": [
            {
              "MosPayload": {
                "Owner": "SHOLMES",
                "destination": "b",
                "source": "a",
                "transitionMode": 2,
                "transitionPoint": 463,
              },
              "MosSchema": "http://MOSA4.com/mos/supported_schemas/MOSAXML2.08",
              "MosScope": "PLAYLIST",
            },
          ],
          "ObjectID": MosString128 {
            "_str": "M000224",
            "strict": true,
          },
          "Paths": [
            {
              "Description": "MPEG2 Video",
              "Target": "\\server\\media\\clip392028cd2320s0d.mxf",
              "Type": "PATH",
            },
            {
              "Description": "WM9 750Kbps",
              "Target": "http://server/proxy/clipe.wmv",
              "Type": "PROXY PATH",
            },
            {
              "Description": "MOS Object",
              "Target": "http://server/proxy/clipe.xml",
              "Type": "METADATA PATH",
            },
          ],
          "Slug": MosString128 {
            "_str": "COLSTAT MURDER:VO",
            "strict": true,
          },
          "Trigger": "CHAINED",
          "UserTimingDuration": 310,
        },
      ],
      "Number": MosString128 {
        "_str": "B10",
        "strict": true,
      },
      "Slug": MosString128 {
        "_str": "Colstat Murder",
        "strict": true,
      },
    },
    {
      "ID": MosString128 {
        "_str": "3854737F:0003A34D:983A0B28",
        "strict": true,
      },
      "Items": [
        {
          "EditorialDuration": 310,
          "EditorialStart": 55,
          "ID": MosString128 {
            "_str": "0",
            "strict": true,
          },
          "MOSID": "testmos.enps.com",
          "MosExternalMetaData": [
            {
              "MosPayload": {
                "Owner": "SHOLMES",
                "destination": "b",
                "source": "a",
                "transitionMode": 2,
                "transitionPoint": 463,
              },
              "MosSchema": "http://MOSA4.com/mos/supported_schemas/MOSAXML2.08",
              "MosScope": "PLAYLIST",
            },
          ],
          "ObjectID": MosString128 {
            "_str": "M000133",
            "strict": true,
          },
          "UserTimingDuration": 310,
        },
      ],
      "Number": MosString128 {
        "_str": "B11",
        "strict": true,
      },
      "Slug": MosString128 {
        "_str": "Test MOS",
        "strict": true,
      },
    },
  ],
}
`;
