// Jest Snapshot v1, https://goo.gl/fbAQLP

exports[`Profile 4 getAllRunningOrders 1`] = `
"<mos>
  <ncsID>their.mos.id</ncsID>
  <mosID>our.mos.id</mosID>
  <messageID>xx</messageID>
  <roReqAll/>
</mos>"
`;

exports[`Profile 4 getAllRunningOrders 2`] = `
Array [
  Object {
    "EditorialDuration": MosDuration {
      "_duration": 1800,
    },
    "EditorialStart": MosTime {
      "_time": 2009-07-11T17:00:00.000Z,
      "_timezone": "Z",
      "_timezoneDeclaration": "",
      "_timezoneZuluIndicator": "Z",
    },
    "ID": MosString128 {
      "_str": "5PM",
      "strict": true,
    },
    "MosExternalMetaData": Array [
      Object {
        "MosPayload": Object {
          "Approved": 0,
          "Creator": "SHOLMES",
          "ModBy": "LJOHNSTON",
          "Owner": "SHOLMES",
          "TextTime": 278,
          "mediaTime": 0,
          "text": 0,
        },
        "MosSchema": "http://ncsA4.com/mos/supported_schemas/NCSAXML2.08",
        "MosScope": "PLAYLIST",
      },
    ],
    "Slug": MosString128 {
      "_str": "5PM Rundown",
      "strict": true,
    },
    "Trigger": MosString128 {
      "_str": "MANUAL",
      "strict": true,
    },
  },
  Object {
    "EditorialDuration": MosDuration {
      "_duration": 1800,
    },
    "EditorialStart": MosTime {
      "_time": 2009-07-09T18:00:00.000Z,
      "_timezone": "Z",
      "_timezoneDeclaration": "",
      "_timezoneZuluIndicator": "Z",
    },
    "ID": MosString128 {
      "_str": "6PM",
      "strict": true,
    },
    "MosExternalMetaData": Array [
      Object {
        "MosPayload": Object {
          "Approved": 1,
          "Creator": "SHOLMES",
          "ModBy": "BSMITH",
          "Owner": "SHOLMES",
          "TextTime": 350,
          "mediaTime": 0,
          "text": 0,
        },
        "MosSchema": "http://ncsA4.com/mos/supported_schemas/NCSAXML2.08",
        "MosScope": "PLAYLIST",
      },
    ],
    "Slug": MosString128 {
      "_str": "6PM Rundown",
      "strict": true,
    },
    "Trigger": MosString128 {
      "_str": "MANUAL",
      "strict": true,
    },
  },
]
`;

exports[`Profile 4 onRunningOrderStory 1`] = `
Array [
  Array [
    Object {
      "Body": Array [
        Object {
          "Content": Object {
            "$name": "p",
            "$type": "element",
          },
          "Type": "p",
        },
        Object {
          "Content": Object {
            "ID": MosString128 {
              "_str": "2",
              "strict": true,
            },
            "MOSID": "METADATA.NRK.MOS",
            "MosExternalMetaData": Array [
              Object {
                "MosPayload": Object {
                  "nrk": Object {
                    "attributes": Object {
                      "changedBy": "N11580",
                      "changetime": "2014-10-06T13:24:32 +02:00",
                      "type": "video",
                    },
                    "description": "",
                    "hbbtv": Object {
                      "link": "",
                    },
                    "rights": Object {
                      "notes": "",
                      "owner": "NRK",
                      "text": "Green",
                    },
                    "title": "",
                  },
                },
                "MosSchema": "http://mosA4.com/mos/supported_schemas/MOSAXML2.08",
                "MosScope": "PLAYLIST",
              },
            ],
            "ObjectID": MosString128 {
              "_str": "N11580_1412594672",
              "strict": true,
            },
            "ObjectSlug": MosString128 {
              "_str": "M:",
              "strict": false,
            },
            "Slug": MosString128 {
              "_str": "SAK BUSKERUD;SAK-14",
              "strict": true,
            },
            "mosAbstract": "METADATA",
          },
          "Type": "storyItem",
        },
        Object {
          "Content": Object {
            "$name": "p",
            "$type": "element",
          },
          "Type": "p",
        },
        Object {
          "Content": Object {
            "$name": "p",
            "$type": "element",
          },
          "Type": "p",
        },
        Object {
          "Content": Object {
            "$name": "p",
            "$type": "element",
          },
          "Type": "p",
        },
        Object {
          "Content": Object {
            "Channel": MosString128 {
              "_str": "CG1",
              "strict": true,
            },
            "ID": MosString128 {
              "_str": "3",
              "strict": true,
            },
            "MOSID": "chyron.techycami02.ndte.nrk.mos",
            "MosObjects": Array [
              Object {
                "AirStatus": undefined,
                "Changed": MosTime {
                  "_time": 2021-01-01T00:00:00.000Z,
                  "_timezone": "",
                  "_timezoneDeclaration": "",
                  "_timezoneZuluIndicator": "",
                },
                "ChangedBy": MosString128 {
                  "_str": "undefined",
                  "strict": true,
                },
                "Created": MosTime {
                  "_time": 2021-01-01T00:00:00.000Z,
                  "_timezone": "",
                  "_timezoneDeclaration": "",
                  "_timezoneZuluIndicator": "",
                },
                "CreatedBy": MosString128 {
                  "_str": "undefined",
                  "strict": true,
                },
                "Description": undefined,
                "Duration": 0,
                "Group": undefined,
                "ID": MosString128 {
                  "_str": "NYHETER\\\\00039287?version=1",
                  "strict": true,
                },
                "MosAbstract": undefined,
                "MosExternalMetaData": Array [
                  Object {
                    "MosPayload": Object {
                      "ObjectDetails": Object {
                        "ServerID": "chyron.techycami02.ndte.n    --------------------------------------------------------    rk.mos",
                        "ServerURL": "http://160.68.33.159/CAMIO/Redirection/MOSRedirection.asmx",
                      },
                      "createdBy": "N12050",
                      "sAVeom": "00:00:05:00",
                      "sAVsom": "00:00:02:00",
                      "subtype": "lyric/data",
                      "subtypeid": "I:\\\\CAMIO\\\\NYHETER\\\\Templates\\\\Super\\\\00000001.lyr",
                    },
                    "MosSchema": "http://ncsA4.com/mos/supported_schemas/NCSAXML2.08",
                    "MosScope": "PLAYLIST",
                  },
                ],
                "MosItemEditorProgID": MosString128 {
                  "_str": "Chymox.AssetBrowser.1",
                  "strict": true,
                },
                "Paths": Array [
                  Object {
                    "Description": "JPEG Thumbnail",
                    "Target": "http://160.68.33.159/thumbs/NYHETER/39000/Objects_NYHETER_00039287_v1_big.jpg",
                    "Type": "PROXY PATH",
                  },
                ],
                "Revision": undefined,
                "Slug": MosString128 {
                  "_str": "01 ett navn 1:  2:",
                  "strict": true,
                },
                "Status": undefined,
                "TimeBase": 0,
                "Type": undefined,
              },
            ],
            "ObjectID": MosString128 {
              "_str": "undefined",
              "strict": true,
            },
            "Paths": Array [
              Object {
                "Description": "JPEG Thumbnail",
                "Target": "http://160.68.33.159/thumbs/NYHETER/39000/Objects_NYHETER_00039287_v1_big.jpg",
                "Type": "PROXY PATH",
              },
            ],
            "Slug": MosString128 {
              "_str": "01 ett navn 1:  2:",
              "strict": true,
            },
            "mosAbstract": "_00:00:02:00 | @M=Auto Timed | 01 ett navn | 1: | 2: | 3: | 4: | 00:00:05:00",
          },
          "Type": "storyItem",
        },
        Object {
          "Content": Object {
            "$name": "p",
            "$type": "element",
          },
          "Type": "p",
        },
        Object {
          "Content": Object {
            "Channel": MosString128 {
              "_str": "CG1",
              "strict": true,
            },
            "ID": MosString128 {
              "_str": "4",
              "strict": true,
            },
            "MOSID": "chyron.techycami02.ndte.nrk.mos",
            "MosObjects": Array [
              Object {
                "AirStatus": undefined,
                "Changed": MosTime {
                  "_time": 2021-01-01T00:00:00.000Z,
                  "_timezone": "",
                  "_timezoneDeclaration": "",
                  "_timezoneZuluIndicator": "",
                },
                "ChangedBy": MosString128 {
                  "_str": "undefined",
                  "strict": true,
                },
                "Created": MosTime {
                  "_time": 2021-01-01T00:00:00.000Z,
                  "_timezone": "",
                  "_timezoneDeclaration": "",
                  "_timezoneZuluIndicator": "",
                },
                "CreatedBy": MosString128 {
                  "_str": "undefined",
                  "strict": true,
                },
                "Description": undefined,
                "Duration": 0,
                "Group": undefined,
                "ID": MosString128 {
                  "_str": "NYHETER\\\\00039288?version=1",
                  "strict": true,
                },
                "MosAbstract": undefined,
                "MosExternalMetaData": Array [
                  Object {
                    "MosPayload": Object {
                      "ObjectDetails": Object {
                        "ServerID": "chyron.techycami02.ndte.nrk.mos",
                        "ServerURL": "http://160.68.33.159/CAMIO/Redirection/MOSRedirection.asmx",
                      },
                      "createdBy": "N12050",
                      "sAVeom": "00:00:05:00",
                      "sAVsom": "00:00:02:00",
                      "subtype": "lyric/data",
                      "subtypeid": "I:\\\\CAMIO\\\\NYHETER\\\\Templates\\\\Super\\\\00000001.lyr",
                    },
                    "MosSchema": "http://ncsA4.com/mos/supported_schemas/NCSAXML2.08",
                    "MosScope": "PLAYLIST",
                  },
                ],
                "MosItemEditorProgID": MosString128 {
                  "_str": "Chymox.AssetBrowser.1",
                  "strict": true,
                },
                "Paths": Array [
                  Object {
                    "Description": "JPEG Thumbnail",
                    "Target": "http://160.68.33.159/thumbs/NYHETER/39000/Objects_NYHETER_00039288_v1_big.jpg",
                    "Type": "PROXY PATH",
                  },
                ],
                "Revision": undefined,
                "Slug": MosString128 {
                  "_str": "01 ett navn 1:  2:",
                  "strict": true,
                },
                "Status": undefined,
                "TimeBase": 0,
                "Type": undefined,
              },
            ],
            "ObjectID": MosString128 {
              "_str": "undefined",
              "strict": true,
            },
            "Paths": Array [
              Object {
                "Description": "JPEG Thumbnail",
                "Target": "http://160.68.33.159/thumbs/NYHETER/39000/Objects_NYHETER_00039288_v1_big.jpg",
                "Type": "PROXY PATH",
              },
            ],
            "Slug": MosString128 {
              "_str": "01 ett navn 1:  2:",
              "strict": true,
            },
            "mosAbstract": "_00:00:02:00 | @M=Auto Timed | 01 ett navn | 1: | 2: | 3: | 4: | 00:00:05:00",
          },
          "Type": "storyItem",
        },
        Object {
          "Content": Object {
            "$name": "p",
            "$type": "element",
          },
          "Type": "p",
        },
        Object {
          "Content": Object {
            "Channel": MosString128 {
              "_str": "CG1",
              "strict": true,
            },
            "ID": MosString128 {
              "_str": "5",
              "strict": true,
            },
            "MOSID": "chyron.techycami02.ndte.nrk.mos",
            "MosObjects": Array [
              Object {
                "AirStatus": undefined,
                "Changed": MosTime {
                  "_time": 2021-01-01T00:00:00.000Z,
                  "_timezone": "",
                  "_timezoneDeclaration": "",
                  "_timezoneZuluIndicator": "",
                },
                "ChangedBy": MosString128 {
                  "_str": "undefined",
                  "strict": true,
                },
                "Created": MosTime {
                  "_time": 2021-01-01T00:00:00.000Z,
                  "_timezone": "",
                  "_timezoneDeclaration": "",
                  "_timezoneZuluIndicator": "",
                },
                "CreatedBy": MosString128 {
                  "_str": "undefined",
                  "strict": true,
                },
                "Description": undefined,
                "Duration": 0,
                "Group": undefined,
                "ID": MosString128 {
                  "_str": "NYHETER\\\\00039289?version=1",
                  "strict": true,
                },
                "MosAbstract": undefined,
                "MosExternalMetaData": Array [
                  Object {
                    "MosPayload": Object {
                      "ObjectDetails": Object {
                        "ServerID": "chyron.techycami02.ndte.nrk.mos",
                        "ServerURL": "http://160.68.33.159/CAMIO/Redirection/MOSRedirection.asmx",
                      },
                      "createdBy": "N12050",
                      "sAVeom": "00:00:05:00",
                      "sAVsom": "00:00:02:00",
                      "subtype": "lyric/data",
                      "subtypeid": "I:\\\\CAMIO\\\\NYHETER\\\\Templates\\\\Super\\\\00000001.lyr",
                    },
                    "MosSchema": "http://ncsA4.com/mos/supported_schemas/NCSAXML2.08",
                    "MosScope": "PLAYLIST",
                  },
                ],
                "MosItemEditorProgID": MosString128 {
                  "_str": "Chymox.AssetBrowser.1",
                  "strict": true,
                },
                "Paths": Array [
                  Object {
                    "Description": "JPEG Thumbnail",
                    "Target": "http://160.68.33.159/thumbs/NYHETER/39000/Objects_NYHETER_00039289_v1_big.jpg",
                    "Type": "PROXY PATH",
                  },
                ],
                "Revision": undefined,
                "Slug": MosString128 {
                  "_str": "01 ett navn 1:  2:",
                  "strict": true,
                },
                "Status": undefined,
                "TimeBase": 0,
                "Type": undefined,
              },
            ],
            "ObjectID": MosString128 {
              "_str": "undefined",
              "strict": true,
            },
            "Paths": Array [
              Object {
                "Description": "JPEG Thumbnail",
                "Target": "http://160.68.33.159/thumbs/NYHETER/39000/Objects_NYHETER_00039289_v1_big.jpg",
                "Type": "PROXY PATH",
              },
            ],
            "Slug": MosString128 {
              "_str": "01 ett navn 1:  2:",
              "strict": true,
            },
            "mosAbstract": "_00:00:02:00 | @M=Auto Timed | 01 ett navn | 1: | 2: | 3: | 4: | 00:00:05:00",
          },
          "Type": "storyItem",
        },
        Object {
          "Content": Object {
            "$name": "p",
            "$type": "element",
          },
          "Type": "p",
        },
        Object {
          "Content": Object {
            "Channel": MosString128 {
              "_str": "CG1",
              "strict": true,
            },
            "ID": MosString128 {
              "_str": "6",
              "strict": true,
            },
            "MOSID": "chyron.techycami02.ndte.nrk.mos",
            "MosObjects": Array [
              Object {
                "AirStatus": undefined,
                "Changed": MosTime {
                  "_time": 2021-01-01T00:00:00.000Z,
                  "_timezone": "",
                  "_timezoneDeclaration": "",
                  "_timezoneZuluIndicator": "",
                },
                "ChangedBy": MosString128 {
                  "_str": "undefined",
                  "strict": true,
                },
                "Created": MosTime {
                  "_time": 2021-01-01T00:00:00.000Z,
                  "_timezone": "",
                  "_timezoneDeclaration": "",
                  "_timezoneZuluIndicator": "",
                },
                "CreatedBy": MosString128 {
                  "_str": "undefined",
                  "strict": true,
                },
                "Description": undefined,
                "Duration": 0,
                "Group": undefined,
                "ID": MosString128 {
                  "_str": "NYHETER\\\\00039290?version=1",
                  "strict": true,
                },
                "MosAbstract": undefined,
                "MosExternalMetaData": Array [
                  Object {
                    "MosPayload": Object {
                      "ObjectDetails": Object {
                        "ServerID": "chyron.techycami02.ndte.nrk.mos",
                        "ServerURL": "http://160.68.33.159/CAMIO/Redirection/MOSRedirection.asmx",
                      },
                      "createdBy": "N12050",
                      "sAVeom": "00:00:05:00",
                      "sAVsom": "00:00:02:00",
                      "subtype": "lyric/data",
                      "subtypeid": "I:\\\\CAMIO\\\\NYHETER\\\\Templates\\\\Super\\\\00000001.lyr",
                    },
                    "MosSchema": "http://ncsA4.com/mos/supported_schemas/NCSAXML2.08",
                    "MosScope": "PLAYLIST",
                  },
                ],
                "MosItemEditorProgID": MosString128 {
                  "_str": "Chymox.AssetBrowser.1",
                  "strict": true,
                },
                "Paths": Array [
                  Object {
                    "Description": "JPEG Thumbnail",
                    "Target": "http://160.68.33.159/thumbs/NYHETER/39000/Objects_NYHETER_00039290_v1_big.jpg",
                    "Type": "PROXY PATH",
                  },
                ],
                "Revision": undefined,
                "Slug": MosString128 {
                  "_str": "01 ett navn 1:  2:",
                  "strict": true,
                },
                "Status": undefined,
                "TimeBase": 0,
                "Type": undefined,
              },
            ],
            "ObjectID": MosString128 {
              "_str": "undefined",
              "strict": true,
            },
            "Paths": Array [
              Object {
                "Description": "JPEG Thumbnail",
                "Target": "http://160.68.33.159/thumbs/NYHETER/39000/Objects_NYHETER_00039290_v1_big.jpg",
                "Type": "PROXY PATH",
              },
            ],
            "Slug": MosString128 {
              "_str": "01 ett navn 1:  2:",
              "strict": true,
            },
            "mosAbstract": "_00:00:02:00 | @M=Auto Timed | 01 ett navn | 1: | 2: | 3: | 4: | 00:00:05:00",
          },
          "Type": "storyItem",
        },
        Object {
          "Content": Object {
            "$name": "p",
            "$type": "element",
          },
          "Type": "p",
        },
        Object {
          "Content": Object {
            "Channel": MosString128 {
              "_str": "CG1",
              "strict": true,
            },
            "ID": MosString128 {
              "_str": "7",
              "strict": true,
            },
            "MOSID": "chyron.techycami02.ndte.nrk.mos",
            "MosObjects": Array [
              Object {
                "AirStatus": undefined,
                "Changed": MosTime {
                  "_time": 2021-01-01T00:00:00.000Z,
                  "_timezone": "",
                  "_timezoneDeclaration": "",
                  "_timezoneZuluIndicator": "",
                },
                "ChangedBy": MosString128 {
                  "_str": "undefined",
                  "strict": true,
                },
                "Created": MosTime {
                  "_time": 2021-01-01T00:00:00.000Z,
                  "_timezone": "",
                  "_timezoneDeclaration": "",
                  "_timezoneZuluIndicator": "",
                },
                "CreatedBy": MosString128 {
                  "_str": "undefined",
                  "strict": true,
                },
                "Description": undefined,
                "Duration": 0,
                "Group": undefined,
                "ID": MosString128 {
                  "_str": "NYHETER\\\\00039291?version=1",
                  "strict": true,
                },
                "MosAbstract": undefined,
                "MosExternalMetaData": Array [
                  Object {
                    "MosPayload": Object {
                      "ObjectDetails": Object {
                        "ServerID": "chyron.techycami02.ndte.nrk.mos",
                        "ServerURL": "http://160.68.33.159/CAMIO/Redirection/MOSRedirection.asmx",
                      },
                      "createdBy": "N12050",
                      "sAVeom": "00:00:05:00",
                      "sAVsom": "00:00:02:00",
                      "subtype": "lyric/data",
                      "subtypeid": "I:\\\\CAMIO\\\\NYHETER\\\\Templates\\\\Super\\\\00000024.lyr",
                    },
                    "MosSchema": "http://ncsA4.com/mos/supported_schemas/NCSAXML2.08",
                    "MosScope": "PLAYLIST",
                  },
                ],
                "MosItemEditorProgID": MosString128 {
                  "_str": "Chymox.AssetBrowser.1",
                  "strict": true,
                },
                "Paths": Array [
                  Object {
                    "Description": "JPEG Thumbnail",
                    "Target": "http://160.68.33.159/thumbs/NYHETER/39000/Objects_NYHETER_00039291_v1_big.jpg",
                    "Type": "PROXY PATH",
                  },
                ],
                "Revision": undefined,
                "Slug": MosString128 {
                  "_str": "24 foto/red 1:Foto og redigering:  2:",
                  "strict": true,
                },
                "Status": undefined,
                "TimeBase": 0,
                "Type": undefined,
              },
            ],
            "ObjectID": MosString128 {
              "_str": "undefined",
              "strict": true,
            },
            "Paths": Array [
              Object {
                "Description": "JPEG Thumbnail",
                "Target": "http://160.68.33.159/thumbs/NYHETER/39000/Objects_NYHETER_00039291_v1_big.jpg",
                "Type": "PROXY PATH",
              },
            ],
            "Slug": MosString128 {
              "_str": "24 foto/red 1:Foto og redigering:  2:",
              "strict": true,
            },
            "mosAbstract": "_00:00:02:00 | @M=Auto Timed | 24 foto/red | 1:Foto og redigering: | 2: | 3: | 4: | 00:00:05:00",
          },
          "Type": "storyItem",
        },
        Object {
          "Content": Object {
            "$name": "p",
            "$type": "element",
          },
          "Type": "p",
        },
        Object {
          "Content": Object {
            "$name": "p",
            "$type": "element",
          },
          "Type": "p",
        },
        Object {
          "Content": Object {
            "ID": MosString128 {
              "_str": "8",
              "strict": true,
            },
            "MOSID": "mosart.morten.mos",
            "ObjectID": MosString128 {
              "_str": "STORYSTATUS",
              "strict": true,
            },
            "ObjectSlug": MosString128 {
              "_str": "Story status",
              "strict": false,
            },
            "Slug": MosString128 {
              "_str": "SAK BUSKERUD;SAK-20",
              "strict": true,
            },
            "mosAbstract": "TIDSMARKØR IKKE RØR",
          },
          "Type": "storyItem",
        },
        Object {
          "Content": Object {
            "$name": "p",
            "$type": "element",
          },
          "Type": "p",
        },
      ],
      "ID": MosString128 {
        "_str": "2012R2ENPS8VM;P_ENPSNEWS\\\\W\\\\R_696297DF-1568-4B36-B43B3B79514B40D4;1DAF0044-CA12-47BA-9F6CEFF33B3874FB",
        "strict": true,
      },
      "MosExternalMetaData": Array [
        Object {
          "MosPayload": Object {
            "Approved": 0,
            "Creator": "LINUXENPS",
            "ENPSItemType": 3,
            "MOSItemDurations": "0 0 0 0 0",
            "MOSItemEdDurations": "",
            "MOSObjSlugs": "M:   01 ett navn 1:  2:
   01 ett navn 1:  2:
   01 ett navn 1:  2:
   01 ett navn 1:  2:
   24 foto/red 1:Foto og redigering:  2:   Story status",
            "MOSSlugs": "SAK BUSKERUD;SAK-14
   01 ett navn 1:  2:
   01 ett navn 1:  2:
   01 ett navn 1:  2:
   01 ett navn 1:  2:
   24 foto/red 1:Foto og redigering:  2:   SAK BUSKERUD;SAK-20",
            "MediaTime": 0,
            "ModBy": "LINUXENPS",
            "ModTime": "20180227T004205Z",
            "Owner": "LINUXENPS",
            "SourceMediaTime": 0,
            "SourceTextTime": 0,
            "StoryProducer": "DKTE",
            "TextTime": 0,
            "mosartType": "FULL",
            "pubApproved": 0,
            "text": 0,
          },
          "MosSchema": "http://2012R2ENPS8VM:10505/schema/enps.dtd",
          "MosScope": "PLAYLIST",
        },
      ],
      "Number": undefined,
      "RunningOrderId": MosString128 {
        "_str": "2012R2ENPS8VM;P_ENPSNEWS\\\\W;696297DF-1568-4B36-B43B3B79514B40D4",
        "strict": true,
      },
      "Slug": MosString128 {
        "_str": "KRITIKK ETTER BRANN KONGSBERG;SAK",
        "strict": true,
      },
    },
  ],
]
`;

exports[`Profile 4 onRunningOrderStory: <mos>
  <ncsID>their.mos.id</ncsID>
  <mosID>our.mos.id</mosID>
  <messageID>1633</messageID>
  <roAck>
    <roID>runningOrderId</roID>
    <roStatus>OK</roStatus>
  </roAck>
</mos> 1`] = `
"<mos>
  <ncsID>their.mos.id</ncsID>
  <mosID>our.mos.id</mosID>
  <messageID>1633</messageID>
  <roAck>
    <roID>runningOrderId</roID>
    <roStatus>OK</roStatus>
  </roAck>
</mos>"
`;
